roonyk@roonyk-box:~/test_task/test_task_ansible$ ansible-playbook -i 'localhost, ' -c local deploy.yml --ask-become-pass
SUDO password: 

PLAY [all] *************************************************************************************************************************************************************************************************

TASK [Gathering Facts] *************************************************************************************************************************************************************************************
ok: [localhost]

TASK [nginx : NGINX | Install NGINX] ***********************************************************************************************************************************************************************
changed: [localhost]

TASK [nginx : NGINX | Starting NGINX] **********************************************************************************************************************************************************************
ok: [localhost]

TASK [nginx : NGINX | Setup NGINX conf] ********************************************************************************************************************************************************************
changed: [localhost]

TASK [py_app : APP | Clone applicatin] *********************************************************************************************************************************************************************
changed: [localhost]

TASK [py_app : APP | Start application] ********************************************************************************************************************************************************************
changed: [localhost]

RUNNING HANDLER [nginx : restart nginx] ********************************************************************************************************************************************************************
changed: [localhost]

PLAY RECAP *************************************************************************************************************************************************************************************************
localhost                  : ok=7    changed=5    unreachable=0    failed=0   

roonyk@roonyk-box:~/test_task/test_task_ansible$



roonyk@roonyk-box:~$ curl -XGET http://localhost
There were 0 POST requestsroonyk@roonyk-box:~$ 
roonyk@roonyk-box:~$ curl -XPOST http://localhost
POST requestroonyk@roonyk-box:~$ curl -XPOST http://localhost
POST requestroonyk@roonyk-box:~$ curl -XGET http://localhost
There were 2 POST requestsroonyk@roonyk-box:~$




roonyk@roonyk-box:~/test_task/test_task_ansible$ ansible-playbook -i 'localhost, ' -c local jenkins_install.yml --ask-become-pass
SUDO password: 

PLAY [all] *************************************************************************************************************************************************************************************************

TASK [Gathering Facts] *************************************************************************************************************************************************************************************
ok: [localhost]

TASK [jenkins : JENKINS | Fetch docker Jenkins image] ******************************************************************************************************************************************************
changed: [localhost]

TASK [jenkins : JENKINS | copy war to Dockerfile dir] ******************************************************************************************************************************************************
changed: [localhost]

TASK [jenkins : JENKINS | Build docker Jenkins image] ******************************************************************************************************************************************************
changed: [localhost]

TASK [jenkins : JENKINS | Preparation for run container] ***************************************************************************************************************************************************
changed: [localhost]

TASK [jenkins : JENKINS | Start Jenkins] *******************************************************************************************************************************************************************
changed: [localhost]

PLAY RECAP *************************************************************************************************************************************************************************************************
localhost                  : ok=6    changed=5    unreachable=0    failed=0   

roonyk@roonyk-box:~/test_task/test_task_ansible$




roonyk@roonyk-box:~/test_task/test_task_ansible$ ansible-playbook -i 'localhost, ' -c local jenkins_job.yml --ask-become-pass
SUDO password: 

PLAY [all] *********************************************************************************************************************************************

TASK [Gathering Facts] *********************************************************************************************************************************
ok: [localhost]

TASK [jenkins : JENKINS | Install libs] ****************************************************************************************************************
changed: [localhost]

TASK [jenkins : JENKINS | Create Jenkins job] **********************************************************************************************************
changed: [localhost]

PLAY RECAP *********************************************************************************************************************************************
localhost                  : ok=3    changed=2    unreachable=0    failed=0   

roonyk@roonyk-box:~/test_task/test_task_ansible$
